{"timestamp": "2026-08-27 20:08:36,989", "level": "WARNING", "module": "app", "message": "Database startup check: 1054 (42S22): Unknown column 'id' in 'field list'"}
{"timestamp": "2026-08-27 20:08:37,175", "level": "WARNING", "module": "app", "message": "Database startup check: 1054 (42S22): Unknown column 'id' in 'field list'"}
{"timestamp": "2026-08-27 20:08:37,422", "level": "WARNING", "module": "app", "message": "Database startup check: 1054 (42S22): Unknown column 'id' in 'field list'"}
{"timestamp": "2026-08-27 20:08:37,638", "level": "WARNING", "module": "app", "message": "Database startup check: 1054 (42S22): Unknown column 'id' in 'field list'"}
{"timestamp": "2026-08-27 20:08:38,189", "level": "WARNING", "module": "app", "message": "Database startup check: 1054 (42S22): Unknown column 'id' in 'field list'"}
{"timestamp": "2026-08-27 20:08:38,447", "level": "WARNING", "module": "app", "message": "Database startup check: 1054 (42S22): Unknown column 'id' in 'field list'"}
{"timestamp": "2026-08-27 20:08:38,928", "level": "WARNING", "module": "app", "message": "Database startup check: 1054 (42S22): Unknown column 'id' in 'field list'"}
{"timestamp": "2026-08-27 20:08:39,136", "level": "WARNING", "module": "app", "message": "Database startup check: 1054 (42S22): Unknown column 'id' in 'field list'"}
{"timestamp": "2026-08-27 20:08:39,403", "level": "WARNING", "module": "app", "message": "Database startup check: 1054 (42S22): Unknown column 'id' in 'field list'"}
{"timestamp": "2026-08-27 20:09:32,992", "level": "INFO", "module": "order_routes", "message": "New Order Created: ST-88F2 | Amount: ₹29925.0 | Customer: Ananya Krishnan"}
{"timestamp": "2026-08-27 20:09:48,406", "level": "INFO", "module": "order_routes", "message": "New Order Created: ST-B7F0 | Amount: ₹29925.0 | Customer: Ananya Krishnan"}
{"timestamp": "2026-08-27 20:09:49,116", "level": "INFO", "module": "auth_routes", "message": "User admin logged in successfully."}
{"timestamp": "2026-08-27 20:21:00,068", "level": "INFO", "module": "order_routes", "message": "New Order Created: ST-ORD-2026-1CD26C | Amount: ₹29925.0 | Customer: Ananya Krishnan"}
{"timestamp": "2026-08-27 20:21:01,043", "level": "INFO", "module": "auth_routes", "message": "User admin logged in successfully."}
{"timestamp": "2026-08-27 21:12:22,104", "level": "INFO", "module": "order_routes", "message": "New Order Created: ST-ORD-2026-31637D | Amount: ₹29925.0 | Customer: Ananya Krishnan"}
{"timestamp": "2026-08-27 21:12:23,010", "level": "INFO", "module": "auth_routes", "message": "User admin logged in successfully."}
{"timestamp": "2026-08-27 21:13:13,367", "level": "INFO", "module": "app", "message": "✨ Srinivasa Textiles REST API running on http://0.0.0.0:5000"}
{"timestamp": "2026-08-27 21:13:14,990", "level": "INFO", "module": "app", "message": "✨ Srinivasa Textiles REST API running on http://0.0.0.0:5000"}
{"timestamp": "2026-08-28 19:53:37,420", "level": "WARNING", "module": "app", "message": "Database startup check: no such table: users"}
{"timestamp": "2026-08-28 19:53:39,489", "level": "WARNING", "module": "app", "message": "Database startup check: no such table: users"}
{"timestamp": "2026-08-28 19:53:43,655", "level": "WARNING", "module": "app", "message": "Database startup check: no such table: users"}
{"timestamp": "2026-08-28 19:53:47,994", "level": "WARNING", "module": "app", "message": "Database startup check: no such table: users"}
{"timestamp": "2026-08-28 19:53:52,215", "level": "WARNING", "module": "app", "message": "Database startup check: no such table: users"}
{"timestamp": "2026-08-28 19:53:56,443", "level": "WARNING", "module": "app", "message": "Database startup check: no such table: users"}
{"timestamp": "2026-08-28 19:54:00,660", "level": "WARNING", "module": "app", "message": "Database startup check: no such table: users"}
{"timestamp": "2026-08-28 19:54:04,904", "level": "WARNING", "module": "app", "message": "Database startup check: no such table: users"}
{"timestamp": "2026-08-28 19:54:09,174", "level": "WARNING", "module": "app", "message": "Database startup check: no such table: users"}
{"timestamp": "2026-08-28 20:25:32,482", "level": "INFO", "module": "order_routes", "message": "New Order Created: ST-ORD-2026-DF890A | Amount: ₹29925.0 | Customer: Ananya Krishnan"}
{"timestamp": "2026-08-28 20:26:01,367", "level": "INFO", "module": "order_routes", "message": "New Order Created: ST-ORD-2026-07C7BD | Amount: ₹29925.0 | Customer: Ananya Krishnan"}
{"timestamp": "2026-08-28 20:26:43,809", "level": "INFO", "module": "order_routes", "message": "New Order Created: ST-ORD-2026-7EB237 | Amount: ₹29925.0 | Customer: Ananya Krishnan"}
{"timestamp": "2026-08-28 20:26:43,889", "level": "INFO", "module": "auth_routes", "message": "User admin logged in successfully."}
{"timestamp": "2026-08-29 13:01:45,990", "level": "INFO", "module": "order_routes", "message": "New Order Created: ST-ORD-2026-A36A9A | Amount: ₹29925.0 | Customer: Ananya Krishnan"}
{"timestamp": "2026-08-29 13:01:46,058", "level": "INFO", "module": "auth_routes", "message": "User admin logged in successfully."}
{"timestamp": "2026-08-29 13:06:49,330", "level": "INFO", "module": "order_routes", "message": "New Order Created: ST-ORD-2026-CAFCF5 | Amount: ₹29925.0 | Customer: Ananya Krishnan"}
{"timestamp": "2026-08-29 13:06:49,393", "level": "INFO", "module": "auth_routes", "message": "User admin logged in successfully."}
{"timestamp": "2026-08-29 13:53:22,029", "level": "INFO", "module": "order_routes", "message": "New Order Created: ST-ORD-2026-1234A4 | Amount: ₹29925.0 | Customer: Ananya Krishnan"}
{"timestamp": "2026-08-29 13:53:22,143", "level": "INFO", "module": "auth_routes", "message": "User admin logged in successfully."}
{"timestamp": "2026-08-29 13:58:12,593", "level": "INFO", "module": "order_routes", "message": "New Order Created: ST-ORD-2026-BD43E5 | Amount: ₹29925.0 | Customer: Ananya Krishnan"}
{"timestamp": "2026-08-29 13:58:12,706", "level": "INFO", "module": "auth_routes", "message": "User admin logged in successfully."}
{"timestamp": "2026-08-29 14:00:35,472", "level": "INFO", "module": "order_routes", "message": "New Order Created: ST-ORD-2026-88769F | Amount: ₹29925.0 | Customer: Ananya Krishnan"}
{"timestamp": "2026-08-29 14:00:35,574", "level": "INFO", "module": "auth_routes", "message": "User admin logged in successfully."}
{"timestamp": "2026-08-29 14:02:42,595", "level": "INFO", "module": "order_routes", "message": "New Order Created: ST-ORD-2026-AB6FFA | Amount: ₹29925.0 | Customer: Ananya Krishnan"}
{"timestamp": "2026-08-29 14:02:42,706", "level": "INFO", "module": "auth_routes", "message": "User admin logged in successfully."}
{"timestamp": "2026-08-29 14:34:25,811", "level": "INFO", "module": "order_routes", "message": "New Order Created: ST-ORD-2026-8A2291 | Amount: ₹29925.0 | Customer: Ananya Krishnan"}
{"timestamp": "2026-08-29 14:34:25,919", "level": "INFO", "module": "auth_routes", "message": "User admin logged in successfully."}
{"timestamp": "2026-08-29 17:10:46,895", "level": "INFO", "module": "order_routes", "message": "New Order Created: ST-ORD-2026-95C7EA | Amount: ₹29925.0 | Customer: Ananya Krishnan"}
{"timestamp": "2026-08-29 17:10:47,008", "level": "INFO", "module": "auth_routes", "message": "User admin logged in successfully."}
{"timestamp": "2026-08-29 17:13:54,180", "level": "INFO", "module": "order_routes", "message": "New Order Created: ST-ORD-2026-89DF9E | Amount: ₹29925.0 | Customer: Ananya Krishnan"}
{"timestamp": "2026-08-29 17:13:54,287", "level": "INFO", "module": "auth_routes", "message": "User admin logged in successfully."}
{"timestamp": "2026-08-29 17:21:30,913", "level": "INFO", "module": "order_routes", "message": "New Order Created: ST-ORD-2026-FCAF12 | Amount: ₹29925.0 | Customer: Ananya Krishnan"}
{"timestamp": "2026-08-29 17:21:31,020", "level": "INFO", "module": "auth_routes", "message": "User admin logged in successfully."}
{"timestamp": "2026-08-29 17:28:38,750", "level": "INFO", "module": "order_routes", "message": "New Order Created: ST-ORD-2026-0A6805 | Amount: ₹29925.0 | Customer: Ananya Krishnan"}
{"timestamp": "2026-08-29 17:28:38,863", "level": "INFO", "module": "auth_routes", "message": "User admin logged in successfully."}
